org\tunnelflow\client\config\model\DatabaseConfig.class
org\tunnelflow\client\config\model\ServiceConfig.class
org\tunnelflow\client\service\ProcessLauncher.class
org\tunnelflow\client\service\TunnelMessageDispatcher.class
org\tunnelflow\client\handler\MessageHandler.class
org\tunnelflow\client\cli\commands\app\DownCommand.class
org\tunnelflow\client\handler\ClientRegisteredHandler.class
org\tunnelflow\client\config\loader\ConfigLoader.class
org\tunnelflow\client\runtime\TunnelRuntime.class
org\tunnelflow\client\cli\commands\auth\LoginCommand.class
org\tunnelflow\client\config\model\TunnelFlowConfig.class
org\tunnelflow\client\config\model\ProjectConfig.class
org\tunnelflow\client\runtime\ApplicationRuntimeContext.class
org\tunnelflow\client\handler\PingMessageHandler.class
org\tunnelflow\client\cli\commands\expose\ExposeCommand.class
org\tunnelflow\client\config\model\ApplicationDeployment.class
org\tunnelflow\client\runtime\ApplicationRuntime.class
org\tunnelflow\client\cli\commands\app\InitCommand.class
org\tunnelflow\client\service\PendingTunnelRequestManager.class
org\tunnelflow\client\cli\commands\expose\EnvCommand.class
org\tunnelflow\client\service\TunnelMessageReceiver.class
org\tunnelflow\client\service\TunnelSender.class
org\tunnelflow\client\config\BeansConfig.class
org\tunnelflow\client\service\ApplicationManager.class
org\tunnelflow\client\service\TunnelCreationService.class
org\tunnelflow\client\ClientApplication.class
org\tunnelflow\client\service\ClientTunnelManager.class
org\tunnelflow\client\websocket\TunnelWebSocketClient.class
org\tunnelflow\client\runtime\TunnelRuntime$TunnelRuntimeBuilder.class
org\tunnelflow\client\runtime\ApplicationRuntimeRegistry.class
org\tunnelflow\client\cli\commands\app\UpCommand.class
org\tunnelflow\client\service\TunnelProvisioner.class
org\tunnelflow\client\config\service\ConfigTemplateService.class
org\tunnelflow\client\service\PendingRegistrationManager.class
org\tunnelflow\client\cli\TunnelFlowRunner.class
org\tunnelflow\client\runtime\TunnelRuntimeRegistry.class
org\tunnelflow\client\service\PlaceholderResolver.class
org\tunnelflow\client\handler\TunnelCreatedHandler.class
org\tunnelflow\client\cli\RootCommand.class
org\tunnelflow\client\cli\commands\app\AppCommand.class
org\tunnelflow\client\service\TunnelConnectionManager.class
org\tunnelflow\client\config\validation\ValidationResult.class
org\tunnelflow\client\config\validation\ConfigValidator.class
org\tunnelflow\client\config\model\ApplicationConfig.class
org\tunnelflow\client\config\validation\ValidationError.class
org\tunnelflow\client\handler\HttpRequestMessageHandler.class
org\tunnelflow\client\service\ClientRegistrationService.class
org\tunnelflow\client\service\TunnelProtocolService.class
org\tunnelflow\client\cli\commands\app\StatusCommand.class
org\tunnelflow\client\service\LocalHttpForwarder.class
org\tunnelflow\client\cli\config\PicocliFactory.class
org\tunnelflow\client\cli\commands\VersionCommand.class
