C:\Users\bandi\OneDrive\Downloads\TunnelFlow\client\src\main\java\org\tunnelflow\client\cli\commands\app\AppCommand.java
C:\Users\bandi\OneDrive\Downloads\TunnelFlow\client\src\main\java\org\tunnelflow\client\cli\commands\app\DownCommand.java
C:\Users\bandi\OneDrive\Downloads\TunnelFlow\client\src\main\java\org\tunnelflow\client\cli\commands\app\InitCommand.java
C:\Users\bandi\OneDrive\Downloads\TunnelFlow\client\src\main\java\org\tunnelflow\client\cli\commands\app\StatusCommand.java
C:\Users\bandi\OneDrive\Downloads\TunnelFlow\client\src\main\java\org\tunnelflow\client\cli\commands\app\UpCommand.java
C:\Users\bandi\OneDrive\Downloads\TunnelFlow\client\src\main\java\org\tunnelflow\client\cli\commands\auth\LoginCommand.java
C:\Users\bandi\OneDrive\Downloads\TunnelFlow\client\src\main\java\org\tunnelflow\client\cli\commands\expose\EnvCommand.java
C:\Users\bandi\OneDrive\Downloads\TunnelFlow\client\src\main\java\org\tunnelflow\client\cli\commands\expose\ExposeCommand.java
C:\Users\bandi\OneDrive\Downloads\TunnelFlow\client\src\main\java\org\tunnelflow\client\cli\commands\VersionCommand.java
C:\Users\bandi\OneDrive\Downloads\TunnelFlow\client\src\main\java\org\tunnelflow\client\cli\config\PicocliFactory.java
C:\Users\bandi\OneDrive\Downloads\TunnelFlow\client\src\main\java\org\tunnelflow\client\cli\RootCommand.java
C:\Users\bandi\OneDrive\Downloads\TunnelFlow\client\src\main\java\org\tunnelflow\client\cli\TunnelFlowRunner.java
C:\Users\bandi\OneDrive\Downloads\TunnelFlow\client\src\main\java\org\tunnelflow\client\ClientApplication.java
C:\Users\bandi\OneDrive\Downloads\TunnelFlow\client\src\main\java\org\tunnelflow\client\config\BeansConfig.java
C:\Users\bandi\OneDrive\Downloads\TunnelFlow\client\src\main\java\org\tunnelflow\client\config\loader\ConfigLoader.java
C:\Users\bandi\OneDrive\Downloads\TunnelFlow\client\src\main\java\org\tunnelflow\client\config\model\ApplicationConfig.java
C:\Users\bandi\OneDrive\Downloads\TunnelFlow\client\src\main\java\org\tunnelflow\client\config\model\ApplicationDeployment.java
C:\Users\bandi\OneDrive\Downloads\TunnelFlow\client\src\main\java\org\tunnelflow\client\config\model\DatabaseConfig.java
C:\Users\bandi\OneDrive\Downloads\TunnelFlow\client\src\main\java\org\tunnelflow\client\config\model\ProjectConfig.java
C:\Users\bandi\OneDrive\Downloads\TunnelFlow\client\src\main\java\org\tunnelflow\client\config\model\ServiceConfig.java
C:\Users\bandi\OneDrive\Downloads\TunnelFlow\client\src\main\java\org\tunnelflow\client\config\model\TunnelFlowConfig.java
C:\Users\bandi\OneDrive\Downloads\TunnelFlow\client\src\main\java\org\tunnelflow\client\config\service\ConfigTemplateService.java
C:\Users\bandi\OneDrive\Downloads\TunnelFlow\client\src\main\java\org\tunnelflow\client\config\validation\ConfigValidator.java
C:\Users\bandi\OneDrive\Downloads\TunnelFlow\client\src\main\java\org\tunnelflow\client\config\validation\ValidationError.java
C:\Users\bandi\OneDrive\Downloads\TunnelFlow\client\src\main\java\org\tunnelflow\client\config\validation\ValidationResult.java
C:\Users\bandi\OneDrive\Downloads\TunnelFlow\client\src\main\java\org\tunnelflow\client\handler\ClientRegisteredHandler.java
C:\Users\bandi\OneDrive\Downloads\TunnelFlow\client\src\main\java\org\tunnelflow\client\handler\HttpRequestMessageHandler.java
C:\Users\bandi\OneDrive\Downloads\TunnelFlow\client\src\main\java\org\tunnelflow\client\handler\MessageHandler.java
C:\Users\bandi\OneDrive\Downloads\TunnelFlow\client\src\main\java\org\tunnelflow\client\handler\PingMessageHandler.java
C:\Users\bandi\OneDrive\Downloads\TunnelFlow\client\src\main\java\org\tunnelflow\client\handler\TunnelCreatedHandler.java
C:\Users\bandi\OneDrive\Downloads\TunnelFlow\client\src\main\java\org\tunnelflow\client\runtime\ApplicationRuntime.java
C:\Users\bandi\OneDrive\Downloads\TunnelFlow\client\src\main\java\org\tunnelflow\client\runtime\ApplicationRuntimeContext.java
C:\Users\bandi\OneDrive\Downloads\TunnelFlow\client\src\main\java\org\tunnelflow\client\runtime\ApplicationRuntimeRegistry.java
C:\Users\bandi\OneDrive\Downloads\TunnelFlow\client\src\main\java\org\tunnelflow\client\runtime\TunnelRuntime.java
C:\Users\bandi\OneDrive\Downloads\TunnelFlow\client\src\main\java\org\tunnelflow\client\runtime\TunnelRuntimeRegistry.java
C:\Users\bandi\OneDrive\Downloads\TunnelFlow\client\src\main\java\org\tunnelflow\client\service\ApplicationManager.java
C:\Users\bandi\OneDrive\Downloads\TunnelFlow\client\src\main\java\org\tunnelflow\client\service\ClientRegistrationService.java
C:\Users\bandi\OneDrive\Downloads\TunnelFlow\client\src\main\java\org\tunnelflow\client\service\ClientTunnelManager.java
C:\Users\bandi\OneDrive\Downloads\TunnelFlow\client\src\main\java\org\tunnelflow\client\service\LocalHttpForwarder.java
C:\Users\bandi\OneDrive\Downloads\TunnelFlow\client\src\main\java\org\tunnelflow\client\service\PendingRegistrationManager.java
C:\Users\bandi\OneDrive\Downloads\TunnelFlow\client\src\main\java\org\tunnelflow\client\service\PendingTunnelRequestManager.java
C:\Users\bandi\OneDrive\Downloads\TunnelFlow\client\src\main\java\org\tunnelflow\client\service\PlaceholderResolver.java
C:\Users\bandi\OneDrive\Downloads\TunnelFlow\client\src\main\java\org\tunnelflow\client\service\ProcessLauncher.java
C:\Users\bandi\OneDrive\Downloads\TunnelFlow\client\src\main\java\org\tunnelflow\client\service\TunnelConnectionManager.java
C:\Users\bandi\OneDrive\Downloads\TunnelFlow\client\src\main\java\org\tunnelflow\client\service\TunnelCreationService.java
C:\Users\bandi\OneDrive\Downloads\TunnelFlow\client\src\main\java\org\tunnelflow\client\service\TunnelMessageDispatcher.java
C:\Users\bandi\OneDrive\Downloads\TunnelFlow\client\src\main\java\org\tunnelflow\client\service\TunnelMessageReceiver.java
C:\Users\bandi\OneDrive\Downloads\TunnelFlow\client\src\main\java\org\tunnelflow\client\service\TunnelProtocolService.java
C:\Users\bandi\OneDrive\Downloads\TunnelFlow\client\src\main\java\org\tunnelflow\client\service\TunnelProvisioner.java
C:\Users\bandi\OneDrive\Downloads\TunnelFlow\client\src\main\java\org\tunnelflow\client\service\TunnelSender.java
C:\Users\bandi\OneDrive\Downloads\TunnelFlow\client\src\main\java\org\tunnelflow\client\websocket\TunnelWebSocketClient.java
